
> @figma/my-make-file@0.0.1 build
> vite build

[36mvite v6.4.1 [32mbuilding for production...[36m[39m
transforming...
[32mΓ£ô[39m 2656 modules transformed.
rendering chunks...
[2mdist/[22m[32mindex.html                         [39m[1m[2m  0.66 kB[22m[1m[22m
[2mdist/[22m[35massets/index-B2AKES2Z.css          [39m[1m[2m113.94 kB[22m[1m[22m
[2mdist/[22m[36massets/search-BLdWLQjy.js          [39m[1m[2m  0.35 kB[22m[1m[22m
[2mdist/[22m[36massets/weight-DK_31v7w.js          [39m[1m[2m  0.43 kB[22m[1m[22m
[2mdist/[22m[36massets/triangle-alert-CtZlwZ2P.js  [39m[1m[2m  0.44 kB[22m[1m[22m
[2mdist/[22m[36massets/NotFound-C7oDyQIr.js        [39m[1m[2m  1.66 kB[22m[1m[22m
[2mdist/[22m[36massets/RotIndex-ChHL_07n.js        [39m[1m[2m  3.23 kB[22m[1m[22m
[2mdist/[22m[36massets/Analytics-DyxKhC-_.js       [39m[1m[2m  4.94 kB[22m[1m[22m
[2mdist/[22m[36massets/BinMonitoring-BK5fSYPr.js   [39m[1m[2m  5.11 kB[22m[1m[22m
[2mdist/[22m[36massets/Collections-AQnhhdbl.js     [39m[1m[2m  5.64 kB[22m[1m[22m
[2mdist/[22m[36massets/MapLocation-DvqI8NIZ.js     [39m[1m[2m  6.01 kB[22m[1m[22m
[2mdist/[22m[36massets/Alerts-i0-7D11_.js          [39m[1m[2m  7.04 kB[22m[1m[22m
[2mdist/[22m[36massets/Workers-CC_-ixLp.js         [39m[1m[2m  8.38 kB[22m[1m[22m
[2mdist/[22m[36massets/Maintenance-BtOBVP7S.js     [39m[1m[2m 12.73 kB[22m[1m[22m
[2mdist/[22m[36massets/UserManagement-CWf67z7z.js  [39m[1m[2m 16.48 kB[22m[1m[22m
[2mdist/[22m[36massets/react-vendor-73flmPZe.js    [39m[1m[2m 93.78 kB[22m[1m[22m
[2mdist/[22m[36massets/ui-vendor-IfqMdkXd.js       [39m[1m[2m140.59 kB[22m[1m[22m
[2mdist/[22m[36massets/index-_K5yWZJu.js           [39m[1m[2m217.02 kB[22m[1m[22m
[2mdist/[22m[36massets/chart-vendor-BrJqDZ0A.js    [39m[1m[2m431.88 kB[22m[1m[22m
[32mΓ£ô built in 4.96s[39m
